Archive member included to satisfy reference by file (symbol)

d:/programs/mounriver/mounriver_studio2/resources/app/resources/win32/components/wch/toolchain/risc-v embedded gcc/bin/../lib/gcc/riscv-none-embed/8.2.0/rv32ecxw/ilp32e\libgcc.a(_udivdi3.o)
                              ./User/main.o (__udivdi3)
d:/programs/mounriver/mounriver_studio2/resources/app/resources/win32/components/wch/toolchain/risc-v embedded gcc/bin/../lib/gcc/riscv-none-embed/8.2.0/rv32ecxw/ilp32e\libgcc.a(muldf3.o)
                              ./User/main.o (__muldf3)
d:/programs/mounriver/mounriver_studio2/resources/app/resources/win32/components/wch/toolchain/risc-v embedded gcc/bin/../lib/gcc/riscv-none-embed/8.2.0/rv32ecxw/ilp32e\libgcc.a(fixdfsi.o)
                              ./User/main.o (__fixdfsi)
d:/programs/mounriver/mounriver_studio2/resources/app/resources/win32/components/wch/toolchain/risc-v embedded gcc/bin/../lib/gcc/riscv-none-embed/8.2.0/rv32ecxw/ilp32e\libgcc.a(floatsidf.o)
                              ./User/main.o (__floatsidf)
d:/programs/mounriver/mounriver_studio2/resources/app/resources/win32/components/wch/toolchain/risc-v embedded gcc/bin/../lib/gcc/riscv-none-embed/8.2.0/rv32ecxw/ilp32e\libgcc.a(save-restore.o)
                              ./User/ch32v003fun/ch32v003fun.o (__riscv_save_2)
d:/programs/mounriver/mounriver_studio2/resources/app/resources/win32/components/wch/toolchain/risc-v embedded gcc/bin/../lib/gcc/riscv-none-embed/8.2.0/rv32ecxw/ilp32e\libgcc.a(muldi3.o)
                              ./User/main.o (__mulsi3)
d:/programs/mounriver/mounriver_studio2/resources/app/resources/win32/components/wch/toolchain/risc-v embedded gcc/bin/../lib/gcc/riscv-none-embed/8.2.0/rv32ecxw/ilp32e\libgcc.a(div.o)
                              ./User/main.o (__divsi3)
d:/programs/mounriver/mounriver_studio2/resources/app/resources/win32/components/wch/toolchain/risc-v embedded gcc/bin/../lib/gcc/riscv-none-embed/8.2.0/rv32ecxw/ilp32e\libgcc.a(_clz.o)
                              d:/programs/mounriver/mounriver_studio2/resources/app/resources/win32/components/wch/toolchain/risc-v embedded gcc/bin/../lib/gcc/riscv-none-embed/8.2.0/rv32ecxw/ilp32e\libgcc.a(_udivdi3.o) (__clz_tab)
d:/programs/mounriver/mounriver_studio2/resources/app/resources/win32/components/wch/toolchain/risc-v embedded gcc/bin/../lib/gcc/riscv-none-embed/8.2.0/rv32ecxw/ilp32e\libgcc.a(_clzsi2.o)
                              d:/programs/mounriver/mounriver_studio2/resources/app/resources/win32/components/wch/toolchain/risc-v embedded gcc/bin/../lib/gcc/riscv-none-embed/8.2.0/rv32ecxw/ilp32e\libgcc.a(muldf3.o) (__clzsi2)

Discarded input sections

 .text          0x0000000000000000        0x0 ./User/ch32v003fun/ch32v003fun.o
 .data          0x0000000000000000        0x0 ./User/ch32v003fun/ch32v003fun.o
 .bss           0x0000000000000000        0x0 ./User/ch32v003fun/ch32v003fun.o
 .text.strcpy   0x0000000000000000       0x10 ./User/ch32v003fun/ch32v003fun.o
 .text.strncpy  0x0000000000000000       0x16 ./User/ch32v003fun/ch32v003fun.o
 .text.strcmp   0x0000000000000000       0x22 ./User/ch32v003fun/ch32v003fun.o
 .text.strncmp  0x0000000000000000       0x2a ./User/ch32v003fun/ch32v003fun.o
 .text.strchr   0x0000000000000000       0x36 ./User/ch32v003fun/ch32v003fun.o
 .text.__memrchr
                0x0000000000000000       0x20 ./User/ch32v003fun/ch32v003fun.o
 .text.strrchr  0x0000000000000000       0x30 ./User/ch32v003fun/ch32v003fun.o
 .text.memcmp   0x0000000000000000       0x24 ./User/ch32v003fun/ch32v003fun.o
 .text.memmove  0x0000000000000000       0x68 ./User/ch32v003fun/ch32v003fun.o
 .text.memchr   0x0000000000000000       0x1a ./User/ch32v003fun/ch32v003fun.o
 .text.strnlen  0x0000000000000000       0x28 ./User/ch32v003fun/ch32v003fun.o
 .text.twoway_strstr
                0x0000000000000000      0x21c ./User/ch32v003fun/ch32v003fun.o
 .text.strstr   0x0000000000000000      0x130 ./User/ch32v003fun/ch32v003fun.o
 .text.vprintf  0x0000000000000000       0x26 ./User/ch32v003fun/ch32v003fun.o
 .text.mini_vsnprintf
                0x0000000000000000       0x40 ./User/ch32v003fun/ch32v003fun.o
 .text.snprintf
                0x0000000000000000       0x1c ./User/ch32v003fun/ch32v003fun.o
 .text.mini_snprintf
                0x0000000000000000       0x1c ./User/ch32v003fun/ch32v003fun.o
 .text.mini_pprintf
                0x0000000000000000       0x1c ./User/ch32v003fun/ch32v003fun.o
 .text.putchar  0x0000000000000000       0x1a ./User/ch32v003fun/ch32v003fun.o
 .bss.errno     0x0000000000000000        0x4 ./User/ch32v003fun/ch32v003fun.o
 .data.ADCPrescTable
                0x0000000000000000       0x14 ./User/ch32v003fun/ch32v003fun.o
 .data.APBAHBPrescTable
                0x0000000000000000       0x10 ./User/ch32v003fun/ch32v003fun.o
 .text          0x0000000000000000        0x0 ./User/main.o
 .data          0x0000000000000000        0x0 ./User/main.o
 .bss           0x0000000000000000        0x0 ./User/main.o
 .text.i2c_ping
                0x0000000000000000       0x9e ./User/main.o
 .text.i2c_scan
                0x0000000000000000       0xc8 ./User/main.o
 .text.color_divide
                0x0000000000000000       0x62 ./User/main.o
 .text.color_value_divide
                0x0000000000000000       0x32 ./User/main.o
 .text.set_color_no_div
                0x0000000000000000       0x24 ./User/main.o
 .text.gpio_init_act
                0x0000000000000000       0x3a ./User/main.o
 .text.gpio_act_pressed
                0x0000000000000000       0x10 ./User/main.o
 .text.ADC_init
                0x0000000000000000       0x18 ./User/main.o
 .text.ADC_read
                0x0000000000000000       0x1a ./User/main.o
 .text.matrix_pressed
                0x0000000000000000       0x56 ./User/main.o
 .text.matrix_pressed_panel
                0x0000000000000000       0x5c ./User/main.o
 .text.JOY_random
                0x0000000000000000       0x26 ./User/main.o
 .text.JOY_setseed_default
                0x0000000000000000       0x10 ./User/main.o
 .text.JOY_setseed
                0x0000000000000000        0xa ./User/main.o
 .text.convertDuration
                0x0000000000000000       0x5e ./User/main.o
 .text.playMusic
                0x0000000000000000       0x60 ./User/main.o
 .text.playAllMusic
                0x0000000000000000       0x20 ./User/main.o
 .text.print_status_storage
                0x0000000000000000       0xe4 ./User/main.o
 .text.any_paint_exist
                0x0000000000000000       0x5c ./User/main.o
 .text.any_opcode_exist
                0x0000000000000000       0x46 ./User/main.o
 .text.blue_screen
                0x0000000000000000       0x30 ./User/main.o
 .bss.funcRun   0x0000000000000000        0x8 ./User/main.o
 .bss.numRun    0x0000000000000000        0x8 ./User/main.o
 .bss.programStored
                0x0000000000000000       0x40 ./User/main.o
 .bss.rnval     0x0000000000000000        0x2 ./User/main.o
 .data.ADCPrescTable
                0x0000000000000000       0x14 ./User/main.o
 .data.APBAHBPrescTable
                0x0000000000000000       0x10 ./User/main.o
 .data.pointground
                0x0000000000000000        0x3 ./User/main.o
 .rodata.buttonsPanel
                0x0000000000000000       0x24 ./User/main.o
 .rodata.convertDuration.cst8
                0x0000000000000000        0x8 ./User/main.o
 .rodata.i2c_scan.str1.4
                0x0000000000000000       0x2a ./User/main.o
 .rodata.melody
                0x0000000000000000       0x68 ./User/main.o
 .rodata.notes  0x0000000000000000        0x4 ./User/main.o
 .rodata.num_colors
                0x0000000000000000        0x2 ./User/main.o
 .rodata.num_fonts
                0x0000000000000000        0x4 ./User/main.o
 .rodata.opcodeColor
                0x0000000000000000        0x3 ./User/main.o
 .rodata.print_status_storage.str1.4
                0x0000000000000000       0x31 ./User/main.o
 .rodata.tempo  0x0000000000000000        0x4 ./User/main.o
 .rodata.timeout_flash
                0x0000000000000000        0x4 ./User/main.o
 .rodata.valueColor
                0x0000000000000000        0x3 ./User/main.o
 .rodata.wholenote
                0x0000000000000000        0x4 ./User/main.o
 .text          0x0000000000000000        0x0 ./Startup/startup_ch32v00x.o
 .data          0x0000000000000000        0x0 ./Startup/startup_ch32v00x.o
 .bss           0x0000000000000000        0x0 ./Startup/startup_ch32v00x.o
 .text.vector_handler
                0x0000000000000000        0x2 ./Startup/startup_ch32v00x.o
 .text.handle_reset
                0x0000000000000000       0x90 ./Startup/startup_ch32v00x.o
 .text          0x0000000000000000        0x0 ./Core/core_riscv.o
 .data          0x0000000000000000        0x0 ./Core/core_riscv.o
 .bss           0x0000000000000000        0x0 ./Core/core_riscv.o
 .text.__get_MSTATUS
                0x0000000000000000        0x6 ./Core/core_riscv.o
 .text.__set_MSTATUS
                0x0000000000000000        0x6 ./Core/core_riscv.o
 .text.__get_MISA
                0x0000000000000000        0x6 ./Core/core_riscv.o
 .text.__set_MISA
                0x0000000000000000        0x6 ./Core/core_riscv.o
 .text.__get_MTVEC
                0x0000000000000000        0x6 ./Core/core_riscv.o
 .text.__set_MTVEC
                0x0000000000000000        0x6 ./Core/core_riscv.o
 .text.__get_MSCRATCH
                0x0000000000000000        0x6 ./Core/core_riscv.o
 .text.__set_MSCRATCH
                0x0000000000000000        0x6 ./Core/core_riscv.o
 .text.__get_MEPC
                0x0000000000000000        0x6 ./Core/core_riscv.o
 .text.__set_MEPC
                0x0000000000000000        0x6 ./Core/core_riscv.o
 .text.__get_MCAUSE
                0x0000000000000000        0x6 ./Core/core_riscv.o
 .text.__set_MCAUSE
                0x0000000000000000        0x6 ./Core/core_riscv.o
 .text.__get_MVENDORID
                0x0000000000000000        0x6 ./Core/core_riscv.o
 .text.__get_MARCHID
                0x0000000000000000        0x6 ./Core/core_riscv.o
 .text.__get_MIMPID
                0x0000000000000000        0x6 ./Core/core_riscv.o
 .text.__get_MHARTID
                0x0000000000000000        0x6 ./Core/core_riscv.o
 .text.__get_SP
                0x0000000000000000        0x4 ./Core/core_riscv.o
 .debug_info    0x0000000000000000      0x324 ./Core/core_riscv.o
 .debug_abbrev  0x0000000000000000       0xe0 ./Core/core_riscv.o
 .debug_aranges
                0x0000000000000000       0xa0 ./Core/core_riscv.o
 .debug_ranges  0x0000000000000000       0x90 ./Core/core_riscv.o
 .debug_line    0x0000000000000000      0x460 ./Core/core_riscv.o
 .debug_str     0x0000000000000000      0x295 ./Core/core_riscv.o
 .comment       0x0000000000000000       0x34 ./Core/core_riscv.o
 .debug_frame   0x0000000000000000      0x120 ./Core/core_riscv.o
 .text          0x0000000000000000        0x0 d:/programs/mounriver/mounriver_studio2/resources/app/resources/win32/components/wch/toolchain/risc-v embedded gcc/bin/../lib/gcc/riscv-none-embed/8.2.0/rv32ecxw/ilp32e\libgcc.a(_udivdi3.o)
 .data          0x0000000000000000        0x0 d:/programs/mounriver/mounriver_studio2/resources/app/resources/win32/components/wch/toolchain/risc-v embedded gcc/bin/../lib/gcc/riscv-none-embed/8.2.0/rv32ecxw/ilp32e\libgcc.a(_udivdi3.o)
 .bss           0x0000000000000000        0x0 d:/programs/mounriver/mounriver_studio2/resources/app/resources/win32/components/wch/toolchain/risc-v embedded gcc/bin/../lib/gcc/riscv-none-embed/8.2.0/rv32ecxw/ilp32e\libgcc.a(_udivdi3.o)
 .eh_frame      0x0000000000000000       0x58 d:/programs/mounriver/mounriver_studio2/resources/app/resources/win32/components/wch/toolchain/risc-v embedded gcc/bin/../lib/gcc/riscv-none-embed/8.2.0/rv32ecxw/ilp32e\libgcc.a(_udivdi3.o)
 .text          0x0000000000000000        0x0 d:/programs/mounriver/mounriver_studio2/resources/app/resources/win32/components/wch/toolchain/risc-v embedded gcc/bin/../lib/gcc/riscv-none-embed/8.2.0/rv32ecxw/ilp32e\libgcc.a(muldf3.o)
 .data          0x0000000000000000        0x0 d:/programs/mounriver/mounriver_studio2/resources/app/resources/win32/components/wch/toolchain/risc-v embedded gcc/bin/../lib/gcc/riscv-none-embed/8.2.0/rv32ecxw/ilp32e\libgcc.a(muldf3.o)
 .bss           0x0000000000000000        0x0 d:/programs/mounriver/mounriver_studio2/resources/app/resources/win32/components/wch/toolchain/risc-v embedded gcc/bin/../lib/gcc/riscv-none-embed/8.2.0/rv32ecxw/ilp32e\libgcc.a(muldf3.o)
 .text.__muldf3
                0x0000000000000000      0x5d2 d:/programs/mounriver/mounriver_studio2/resources/app/resources/win32/components/wch/toolchain/risc-v embedded gcc/bin/../lib/gcc/riscv-none-embed/8.2.0/rv32ecxw/ilp32e\libgcc.a(muldf3.o)
 .rodata.__muldf3
                0x0000000000000000       0x40 d:/programs/mounriver/mounriver_studio2/resources/app/resources/win32/components/wch/toolchain/risc-v embedded gcc/bin/../lib/gcc/riscv-none-embed/8.2.0/rv32ecxw/ilp32e\libgcc.a(muldf3.o)
 .debug_frame   0x0000000000000000       0x38 d:/programs/mounriver/mounriver_studio2/resources/app/resources/win32/components/wch/toolchain/risc-v embedded gcc/bin/../lib/gcc/riscv-none-embed/8.2.0/rv32ecxw/ilp32e\libgcc.a(muldf3.o)
 .text          0x0000000000000000        0x0 d:/programs/mounriver/mounriver_studio2/resources/app/resources/win32/components/wch/toolchain/risc-v embedded gcc/bin/../lib/gcc/riscv-none-embed/8.2.0/rv32ecxw/ilp32e\libgcc.a(fixdfsi.o)
 .data          0x0000000000000000        0x0 d:/programs/mounriver/mounriver_studio2/resources/app/resources/win32/components/wch/toolchain/risc-v embedded gcc/bin/../lib/gcc/riscv-none-embed/8.2.0/rv32ecxw/ilp32e\libgcc.a(fixdfsi.o)
 .bss           0x0000000000000000        0x0 d:/programs/mounriver/mounriver_studio2/resources/app/resources/win32/components/wch/toolchain/risc-v embedded gcc/bin/../lib/gcc/riscv-none-embed/8.2.0/rv32ecxw/ilp32e\libgcc.a(fixdfsi.o)
 .text.__fixdfsi
                0x0000000000000000       0x68 d:/programs/mounriver/mounriver_studio2/resources/app/resources/win32/components/wch/toolchain/risc-v embedded gcc/bin/../lib/gcc/riscv-none-embed/8.2.0/rv32ecxw/ilp32e\libgcc.a(fixdfsi.o)
 .debug_frame   0x0000000000000000       0x20 d:/programs/mounriver/mounriver_studio2/resources/app/resources/win32/components/wch/toolchain/risc-v embedded gcc/bin/../lib/gcc/riscv-none-embed/8.2.0/rv32ecxw/ilp32e\libgcc.a(fixdfsi.o)
 .text          0x0000000000000000        0x0 d:/programs/mounriver/mounriver_studio2/resources/app/resources/win32/components/wch/toolchain/risc-v embedded gcc/bin/../lib/gcc/riscv-none-embed/8.2.0/rv32ecxw/ilp32e\libgcc.a(floatsidf.o)
 .data          0x0000000000000000        0x0 d:/programs/mounriver/mounriver_studio2/resources/app/resources/win32/components/wch/toolchain/risc-v embedded gcc/bin/../lib/gcc/riscv-none-embed/8.2.0/rv32ecxw/ilp32e\libgcc.a(floatsidf.o)
 .bss           0x0000000000000000        0x0 d:/programs/mounriver/mounriver_studio2/resources/app/resources/win32/components/wch/toolchain/risc-v embedded gcc/bin/../lib/gcc/riscv-none-embed/8.2.0/rv32ecxw/ilp32e\libgcc.a(floatsidf.o)
 .text.__floatsidf
                0x0000000000000000       0x76 d:/programs/mounriver/mounriver_studio2/resources/app/resources/win32/components/wch/toolchain/risc-v embedded gcc/bin/../lib/gcc/riscv-none-embed/8.2.0/rv32ecxw/ilp32e\libgcc.a(floatsidf.o)
 .debug_frame   0x0000000000000000       0x38 d:/programs/mounriver/mounriver_studio2/resources/app/resources/win32/components/wch/toolchain/risc-v embedded gcc/bin/../lib/gcc/riscv-none-embed/8.2.0/rv32ecxw/ilp32e\libgcc.a(floatsidf.o)
 .data          0x0000000000000000        0x0 d:/programs/mounriver/mounriver_studio2/resources/app/resources/win32/components/wch/toolchain/risc-v embedded gcc/bin/../lib/gcc/riscv-none-embed/8.2.0/rv32ecxw/ilp32e\libgcc.a(save-restore.o)
 .bss           0x0000000000000000        0x0 d:/programs/mounriver/mounriver_studio2/resources/app/resources/win32/components/wch/toolchain/risc-v embedded gcc/bin/../lib/gcc/riscv-none-embed/8.2.0/rv32ecxw/ilp32e\libgcc.a(save-restore.o)
 .eh_frame      0x0000000000000000       0x68 d:/programs/mounriver/mounriver_studio2/resources/app/resources/win32/components/wch/toolchain/risc-v embedded gcc/bin/../lib/gcc/riscv-none-embed/8.2.0/rv32ecxw/ilp32e\libgcc.a(save-restore.o)
 .data          0x0000000000000000        0x0 d:/programs/mounriver/mounriver_studio2/resources/app/resources/win32/components/wch/toolchain/risc-v embedded gcc/bin/../lib/gcc/riscv-none-embed/8.2.0/rv32ecxw/ilp32e\libgcc.a(muldi3.o)
 .bss           0x0000000000000000        0x0 d:/programs/mounriver/mounriver_studio2/resources/app/resources/win32/components/wch/toolchain/risc-v embedded gcc/bin/../lib/gcc/riscv-none-embed/8.2.0/rv32ecxw/ilp32e\libgcc.a(muldi3.o)
 .data          0x0000000000000000        0x0 d:/programs/mounriver/mounriver_studio2/resources/app/resources/win32/components/wch/toolchain/risc-v embedded gcc/bin/../lib/gcc/riscv-none-embed/8.2.0/rv32ecxw/ilp32e\libgcc.a(div.o)
 .bss           0x0000000000000000        0x0 d:/programs/mounriver/mounriver_studio2/resources/app/resources/win32/components/wch/toolchain/risc-v embedded gcc/bin/../lib/gcc/riscv-none-embed/8.2.0/rv32ecxw/ilp32e\libgcc.a(div.o)
 .text          0x0000000000000000        0x0 d:/programs/mounriver/mounriver_studio2/resources/app/resources/win32/components/wch/toolchain/risc-v embedded gcc/bin/../lib/gcc/riscv-none-embed/8.2.0/rv32ecxw/ilp32e\libgcc.a(_clz.o)
 .data          0x0000000000000000        0x0 d:/programs/mounriver/mounriver_studio2/resources/app/resources/win32/components/wch/toolchain/risc-v embedded gcc/bin/../lib/gcc/riscv-none-embed/8.2.0/rv32ecxw/ilp32e\libgcc.a(_clz.o)
 .bss           0x0000000000000000        0x0 d:/programs/mounriver/mounriver_studio2/resources/app/resources/win32/components/wch/toolchain/risc-v embedded gcc/bin/../lib/gcc/riscv-none-embed/8.2.0/rv32ecxw/ilp32e\libgcc.a(_clz.o)
 .text          0x0000000000000000        0x0 d:/programs/mounriver/mounriver_studio2/resources/app/resources/win32/components/wch/toolchain/risc-v embedded gcc/bin/../lib/gcc/riscv-none-embed/8.2.0/rv32ecxw/ilp32e\libgcc.a(_clzsi2.o)
 .data          0x0000000000000000        0x0 d:/programs/mounriver/mounriver_studio2/resources/app/resources/win32/components/wch/toolchain/risc-v embedded gcc/bin/../lib/gcc/riscv-none-embed/8.2.0/rv32ecxw/ilp32e\libgcc.a(_clzsi2.o)
 .bss           0x0000000000000000        0x0 d:/programs/mounriver/mounriver_studio2/resources/app/resources/win32/components/wch/toolchain/risc-v embedded gcc/bin/../lib/gcc/riscv-none-embed/8.2.0/rv32ecxw/ilp32e\libgcc.a(_clzsi2.o)
 .text.__clzsi2
                0x0000000000000000       0x6e d:/programs/mounriver/mounriver_studio2/resources/app/resources/win32/components/wch/toolchain/risc-v embedded gcc/bin/../lib/gcc/riscv-none-embed/8.2.0/rv32ecxw/ilp32e\libgcc.a(_clzsi2.o)
 .debug_frame   0x0000000000000000       0x20 d:/programs/mounriver/mounriver_studio2/resources/app/resources/win32/components/wch/toolchain/risc-v embedded gcc/bin/../lib/gcc/riscv-none-embed/8.2.0/rv32ecxw/ilp32e\libgcc.a(_clzsi2.o)

Memory Configuration

Name             Origin             Length             Attributes
FLASH            0x0000000000000000 0x0000000000004000 xr
RAM              0x0000000020000000 0x0000000000000800 xrw
*default*        0x0000000000000000 0xffffffffffffffff

Linker script and memory map

LOAD ./User/ch32v003fun/ch32v003fun.o
LOAD ./User/main.o
LOAD ./Startup/startup_ch32v00x.o
LOAD ./Core/core_riscv.o
LOAD d:/programs/mounriver/mounriver_studio2/resources/app/resources/win32/components/wch/toolchain/risc-v embedded gcc/bin/../lib/gcc/riscv-none-embed/8.2.0/../../../../riscv-none-embed/lib/rv32ecxw/ilp32e\libprintf.a
LOAD d:/programs/mounriver/mounriver_studio2/resources/app/resources/win32/components/wch/toolchain/risc-v embedded gcc/bin/../lib/gcc/riscv-none-embed/8.2.0/rv32ecxw/ilp32e\libgcc.a
LOAD d:/programs/mounriver/mounriver_studio2/resources/app/resources/win32/components/wch/toolchain/risc-v embedded gcc/bin/../lib/gcc/riscv-none-embed/8.2.0/../../../../riscv-none-embed/lib/rv32ecxw/ilp32e\libg_nano.a
LOAD d:/programs/mounriver/mounriver_studio2/resources/app/resources/win32/components/wch/toolchain/risc-v embedded gcc/bin/../lib/gcc/riscv-none-embed/8.2.0/../../../../riscv-none-embed/lib/rv32ecxw/ilp32e\libc_nano.a
LOAD d:/programs/mounriver/mounriver_studio2/resources/app/resources/win32/components/wch/toolchain/risc-v embedded gcc/bin/../lib/gcc/riscv-none-embed/8.2.0/rv32ecxw/ilp32e\libgcc.a
START GROUP
LOAD d:/programs/mounriver/mounriver_studio2/resources/app/resources/win32/components/wch/toolchain/risc-v embedded gcc/bin/../lib/gcc/riscv-none-embed/8.2.0/rv32ecxw/ilp32e\libgcc.a
LOAD d:/programs/mounriver/mounriver_studio2/resources/app/resources/win32/components/wch/toolchain/risc-v embedded gcc/bin/../lib/gcc/riscv-none-embed/8.2.0/../../../../riscv-none-embed/lib/rv32ecxw/ilp32e\libc_nano.a
LOAD d:/programs/mounriver/mounriver_studio2/resources/app/resources/win32/components/wch/toolchain/risc-v embedded gcc/bin/../lib/gcc/riscv-none-embed/8.2.0/../../../../riscv-none-embed/lib/rv32ecxw/ilp32e\libnosys.a
END GROUP
START GROUP
LOAD d:/programs/mounriver/mounriver_studio2/resources/app/resources/win32/components/wch/toolchain/risc-v embedded gcc/bin/../lib/gcc/riscv-none-embed/8.2.0/rv32ecxw/ilp32e\libgcc.a
LOAD d:/programs/mounriver/mounriver_studio2/resources/app/resources/win32/components/wch/toolchain/risc-v embedded gcc/bin/../lib/gcc/riscv-none-embed/8.2.0/../../../../riscv-none-embed/lib/rv32ecxw/ilp32e\libc_nano.a
LOAD d:/programs/mounriver/mounriver_studio2/resources/app/resources/win32/components/wch/toolchain/risc-v embedded gcc/bin/../lib/gcc/riscv-none-embed/8.2.0/../../../../riscv-none-embed/lib/rv32ecxw/ilp32e\libnosys.a
END GROUP
                0x0000000000000100                __stack_size = 0x100
                [!provide]                        PROVIDE (_stack_size = __stack_size)

.init           0x0000000000000000      0x140
                0x0000000000000000                _sinit = .
                0x0000000000000000                . = ALIGN (0x4)
 *(SORT_NONE(.init))
 .init          0x0000000000000000       0x9e ./User/ch32v003fun/ch32v003fun.o
                0x0000000000000000                InterruptVector
                0x0000000000000000                InterruptVectorDefault
 *fill*         0x000000000000009e        0x2 
 .init          0x00000000000000a0       0x9e ./Startup/startup_ch32v00x.o
                0x00000000000000a0                _start
                0x0000000000000140                . = ALIGN (0x4)
 *fill*         0x000000000000013e        0x2 
                0x0000000000000140                _einit = .

.text           0x0000000000000140     0x3d38
                0x0000000000000140                . = ALIGN (0x4)
 *(.text)
 .text          0x0000000000000140       0x14 d:/programs/mounriver/mounriver_studio2/resources/app/resources/win32/components/wch/toolchain/risc-v embedded gcc/bin/../lib/gcc/riscv-none-embed/8.2.0/rv32ecxw/ilp32e\libgcc.a(save-restore.o)
                0x0000000000000140                __riscv_save_1
                0x0000000000000140                __riscv_save_2
                0x0000000000000140                __riscv_save_0
                0x000000000000014a                __riscv_restore_0
                0x000000000000014a                __riscv_restore_1
                0x000000000000014a                __riscv_restore_2
 .text          0x0000000000000154       0x16 d:/programs/mounriver/mounriver_studio2/resources/app/resources/win32/components/wch/toolchain/risc-v embedded gcc/bin/../lib/gcc/riscv-none-embed/8.2.0/rv32ecxw/ilp32e\libgcc.a(muldi3.o)
                0x0000000000000154                __mulsi3
 *fill*         0x000000000000016a        0x2 
 .text          0x000000000000016c       0x7e d:/programs/mounriver/mounriver_studio2/resources/app/resources/win32/components/wch/toolchain/risc-v embedded gcc/bin/../lib/gcc/riscv-none-embed/8.2.0/rv32ecxw/ilp32e\libgcc.a(div.o)
                0x000000000000016c                __divsi3
                0x0000000000000174                __udivsi3
                0x00000000000001a0                __umodsi3
                0x00000000000001c4                __modsi3
 *(.text.*)
 .text.mini_pad
                0x00000000000001ea       0x84 ./User/ch32v003fun/ch32v003fun.o
 .text._puts    0x000000000000026e       0x3e ./User/ch32v003fun/ch32v003fun.o
 .text.mini_itoa.part.0
                0x00000000000002ac       0xba ./User/ch32v003fun/ch32v003fun.o
 .text.handle_reset
                0x0000000000000366       0x7e ./User/ch32v003fun/ch32v003fun.o
                0x0000000000000366                handle_reset
 .text.vector_handler
                0x00000000000003e4       0x10 ./User/ch32v003fun/ch32v003fun.o
                0x00000000000003e4                TIM1_CC_IRQHandler
                0x00000000000003e4                HardFault_Handler
                0x00000000000003e4                SysTick_Handler
                0x00000000000003e4                PVD_IRQHandler
                0x00000000000003e4                USART1_IRQHandler
                0x00000000000003e4                SPI1_IRQHandler
                0x00000000000003e4                AWU_IRQHandler
                0x00000000000003e4                EXTI7_0_IRQHandler
                0x00000000000003e4                DMA1_Channel4_IRQHandler
                0x00000000000003e4                ADC1_IRQHandler
                0x00000000000003e4                DMA1_Channel7_IRQHandler
                0x00000000000003e4                I2C1_EV_IRQHandler
                0x00000000000003e4                DMA1_Channel6_IRQHandler
                0x00000000000003e4                RCC_IRQHandler
                0x00000000000003e4                TIM1_TRG_COM_IRQHandler
                0x00000000000003e4                DMA1_Channel1_IRQHandler
                0x00000000000003e4                DefaultIRQHandler
                0x00000000000003e4                FLASH_IRQHandler
                0x00000000000003e4                DMA1_Channel5_IRQHandler
                0x00000000000003e4                DMA1_Channel3_IRQHandler
                0x00000000000003e4                TIM1_UP_IRQHandler
                0x00000000000003e4                WWDG_IRQHandler
                0x00000000000003e4                TIM2_IRQHandler
                0x00000000000003e4                SW_Handler
                0x00000000000003e4                TIM1_BRK_IRQHandler
                0x00000000000003e4                DMA1_Channel2_IRQHandler
                0x00000000000003e4                I2C1_ER_IRQHandler
                0x00000000000003e6                NMI_Handler
                0x00000000000003e6                NMI_RCC_CSS_IRQHandler
 .text.strlen   0x00000000000003f4       0x12 ./User/ch32v003fun/ch32v003fun.o
                0x00000000000003f4                strlen
 .text.memset   0x0000000000000406       0x10 ./User/ch32v003fun/ch32v003fun.o
                0x0000000000000406                memset
 .text.memcpy   0x0000000000000416       0x18 ./User/ch32v003fun/ch32v003fun.o
                0x0000000000000416                memcpy
 .text.mini_vpprintf
                0x000000000000042e      0x1a4 ./User/ch32v003fun/ch32v003fun.o
                0x000000000000042e                mini_vpprintf
 .text.printf   0x00000000000005d2       0x2a ./User/ch32v003fun/ch32v003fun.o
                0x00000000000005d2                printf
 .text.SetupUART
                0x00000000000005fc       0x5a ./User/ch32v003fun/ch32v003fun.o
                0x00000000000005fc                SetupUART
 .text._write   0x0000000000000656       0x28 ./User/ch32v003fun/ch32v003fun.o
                0x0000000000000656                _write
 .text.__puts_uart
                0x000000000000067e       0x12 ./User/ch32v003fun/ch32v003fun.o
 .text.puts     0x0000000000000690       0x2a ./User/ch32v003fun/ch32v003fun.o
                0x0000000000000690                puts
 .text.DelaySysTick
                0x00000000000006ba       0x16 ./User/ch32v003fun/ch32v003fun.o
                0x00000000000006ba                DelaySysTick
 .text.SystemInit
                0x00000000000006d0       0x52 ./User/ch32v003fun/ch32v003fun.o
                0x00000000000006d0                SystemInit
 .text.i2c_chk_evt
                0x0000000000000722       0x1c ./User/main.o
 .text.GPIO_ADCinit
                0x000000000000073e       0xa0 ./User/main.o
 .text.GPIO_analogRead
                0x00000000000007de       0x3a ./User/main.o
 .text.lower_half_ADC_channel
                0x0000000000000818        0xa ./User/main.o
                0x0000000000000818                lower_half_ADC_channel
 .text.upper_half_ADC_channel
                0x0000000000000822        0xa ./User/main.o
                0x0000000000000822                upper_half_ADC_channel
 .text.i2c_setup
                0x000000000000082c       0x4c ./User/main.o
                0x000000000000082c                i2c_setup
 .text.i2c_init
                0x0000000000000878       0x60 ./User/main.o
                0x0000000000000878                i2c_init
 .text.i2c_write
                0x00000000000008d8      0x116 ./User/main.o
                0x00000000000008d8                i2c_write
 .text.i2c_read
                0x00000000000009ee      0x17e ./User/main.o
                0x00000000000009ee                i2c_read
 .text.i2c_write_pages
                0x0000000000000b6c       0x68 ./User/main.o
                0x0000000000000b6c                i2c_write_pages
 .text.i2c_read_pages
                0x0000000000000bd4       0x68 ./User/main.o
                0x0000000000000bd4                i2c_read_pages
 .text.set_color
                0x0000000000000c3c       0xa6 ./User/main.o
                0x0000000000000c3c                set_color
 .text.font_draw.constprop.13
                0x0000000000000ce2       0x56 ./User/main.o
 .text.fill_color.constprop.14
                0x0000000000000d38       0x22 ./User/main.o
 .text.clear    0x0000000000000d5a       0x18 ./User/main.o
 .text.ADC_read_pad
                0x0000000000000d72        0xc ./User/main.o
                0x0000000000000d72                ADC_read_pad
 .text.ADC_read_smallboard
                0x0000000000000d7e        0xa ./User/main.o
                0x0000000000000d7e                ADC_read_smallboard
 .text.multiple_ADC_reads
                0x0000000000000d88       0x54 ./User/main.o
                0x0000000000000d88                multiple_ADC_reads
 .text.JOY_check_button
                0x0000000000000ddc      0x12e ./User/main.o
                0x0000000000000ddc                JOY_check_button
 .text.matrix_pressed_two
                0x0000000000000f0a       0xb8 ./User/main.o
                0x0000000000000f0a                matrix_pressed_two
 .text.JOY_sound
                0x0000000000000fc2       0xa4 ./User/main.o
                0x0000000000000fc2                JOY_sound
 .text.WS2812BSimpleSend
                0x0000000000001066       0xd6 ./User/main.o
                0x0000000000001066                WS2812BSimpleSend
 .text.is_storage_initialized
                0x000000000000113c       0x44 ./User/main.o
                0x000000000000113c                is_storage_initialized
 .text.reset_storage
                0x0000000000001180       0x6a ./User/main.o
                0x0000000000001180                reset_storage
 .text.init_storage
                0x00000000000011ea       0x24 ./User/main.o
                0x00000000000011ea                init_storage
 .text.set_page_status
                0x000000000000120e       0x80 ./User/main.o
                0x000000000000120e                set_page_status
 .text.is_page_used
                0x000000000000128e       0x52 ./User/main.o
                0x000000000000128e                is_page_used
 .text.calculate_page_no
                0x00000000000012e0       0x1a ./User/main.o
                0x00000000000012e0                calculate_page_no
 .text.load_data.part.10
                0x00000000000012fa       0x92 ./User/main.o
 .text.save_data
                0x000000000000138c       0xba ./User/main.o
                0x000000000000138c                save_data
 .text.load_data
                0x0000000000001446       0x30 ./User/main.o
                0x0000000000001446                load_data
 .text.erase_all_paint_saves
                0x0000000000001476       0x8c ./User/main.o
                0x0000000000001476                erase_all_paint_saves
 .text.sendLedArray
                0x0000000000001502       0x1c ./User/main.o
                0x0000000000001502                sendLedArray
 .text.logoDisplay
                0x000000000000151e       0x3e ./User/main.o
                0x000000000000151e                logoDisplay
 .text.rvCodeRun
                0x000000000000155c      0x76c ./User/main.o
                0x000000000000155c                rvCodeRun
 .text.iconShow
                0x0000000000001cc8      0x160 ./User/main.o
                0x0000000000001cc8                iconShow
 .text.led_display_paint_page_status
                0x0000000000001e28       0xec ./User/main.o
                0x0000000000001e28                led_display_paint_page_status
 .text.confirm_save_load
                0x0000000000001f14       0xe2 ./User/main.o
                0x0000000000001f14                confirm_save_load
 .text.display_brightness_bar
                0x0000000000001ff6       0x62 ./User/main.o
                0x0000000000001ff6                display_brightness_bar
 .text.flushCanvas
                0x0000000000002058       0x30 ./User/main.o
                0x0000000000002058                flushCanvas
 .text.toCodingSpace
                0x0000000000002088       0xe8 ./User/main.o
                0x0000000000002088                toCodingSpace
 .text.brightness_control
                0x0000000000002170       0x90 ./User/main.o
                0x0000000000002170                brightness_control
 .text.choose_page
                0x0000000000002200      0x23a ./User/main.o
                0x0000000000002200                choose_page
 .text.rv_code_routine
                0x000000000000243a      0x3ae ./User/main.o
                0x000000000000243a                rv_code_routine
 .text.displayColorPalette
                0x00000000000027e8       0xa4 ./User/main.o
                0x00000000000027e8                displayColorPalette
 .text.colorPaletteSelection
                0x000000000000288c      0x1f0 ./User/main.o
                0x000000000000288c                colorPaletteSelection
 .text.bucketFill
                0x0000000000002a7c      0x166 ./User/main.o
                0x0000000000002a7c                bucketFill
 .text.painting_routine
                0x0000000000002be2      0x24c ./User/main.o
                0x0000000000002be2                painting_routine
 .text.red_screen
                0x0000000000002e2e       0x22 ./User/main.o
                0x0000000000002e2e                red_screen
 .text.appRunningRoutine
                0x0000000000002e50       0x34 ./User/main.o
                0x0000000000002e50                appRunningRoutine
 .text.startup.main
                0x0000000000002e84       0xbc ./User/main.o
                0x0000000000002e84                main
 .text.__udivdi3
                0x0000000000002f40      0x4f2 d:/programs/mounriver/mounriver_studio2/resources/app/resources/win32/components/wch/toolchain/risc-v embedded gcc/bin/../lib/gcc/riscv-none-embed/8.2.0/rv32ecxw/ilp32e\libgcc.a(_udivdi3.o)
                0x0000000000002f40                __udivdi3
 *(.rodata)
 *(.rodata*)
 .rodata.puts.str1.4
                0x0000000000003432        0x0 ./User/ch32v003fun/ch32v003fun.o
                                          0x2 (size before relaxing)
 *fill*         0x0000000000003432        0x2 
 .rodata.rvCodeRun
                0x0000000000003434       0xc8 ./User/main.o
 .rodata.CSWTCH.135
                0x00000000000034fc        0x8 ./User/main.o
 .rodata.brightness_control.str1.4
                0x0000000000003504       0x10 ./User/main.o
 .rodata.buttons
                0x0000000000003514      0x100 ./User/main.o
 .rodata.choose_page.str1.4
                0x0000000000003614       0x5b ./User/main.o
 *fill*         0x000000000000366f        0x1 
 .rodata.colorPaletteSelection.str1.4
                0x0000000000003670       0x34 ./User/main.o
 .rodata.color_savefile_empty
                0x00000000000036a4        0x3 ./User/main.o
                0x00000000000036a4                color_savefile_empty
 *fill*         0x00000000000036a7        0x1 
 .rodata.color_savefile_exist
                0x00000000000036a8        0x3 ./User/main.o
                0x00000000000036a8                color_savefile_exist
 *fill*         0x00000000000036ab        0x1 
 .rodata.colors
                0x00000000000036ac       0xc0 ./User/main.o
                0x00000000000036ac                colors
 .rodata.confirm_save_load.str1.4
                0x000000000000376c       0x17 ./User/main.o
 *fill*         0x0000000000003783        0x1 
 .rodata.erase_all_paint_saves.str1.4
                0x0000000000003784       0x50 ./User/main.o
 .rodata.font_0
                0x00000000000037d4        0xf ./User/main.o
                0x00000000000037d4                font_0
 *fill*         0x00000000000037e3        0x1 
 .rodata.font_1
                0x00000000000037e4        0xf ./User/main.o
                0x00000000000037e4                font_1
 *fill*         0x00000000000037f3        0x1 
 .rodata.font_2
                0x00000000000037f4        0xf ./User/main.o
                0x00000000000037f4                font_2
 *fill*         0x0000000000003803        0x1 
 .rodata.font_3
                0x0000000000003804        0xf ./User/main.o
                0x0000000000003804                font_3
 *fill*         0x0000000000003813        0x1 
 .rodata.font_4
                0x0000000000003814        0xf ./User/main.o
                0x0000000000003814                font_4
 *fill*         0x0000000000003823        0x1 
 .rodata.font_5
                0x0000000000003824        0xf ./User/main.o
                0x0000000000003824                font_5
 *fill*         0x0000000000003833        0x1 
 .rodata.font_6
                0x0000000000003834        0xf ./User/main.o
                0x0000000000003834                font_6
 *fill*         0x0000000000003843        0x1 
 .rodata.font_7
                0x0000000000003844        0xf ./User/main.o
                0x0000000000003844                font_7
 *fill*         0x0000000000003853        0x1 
 .rodata.font_8
                0x0000000000003854        0xf ./User/main.o
                0x0000000000003854                font_8
 *fill*         0x0000000000003863        0x1 
 .rodata.font_9
                0x0000000000003864        0xf ./User/main.o
                0x0000000000003864                font_9
 *fill*         0x0000000000003873        0x1 
 .rodata.font_L
                0x0000000000003874        0xf ./User/main.o
                0x0000000000003874                font_L
 *fill*         0x0000000000003883        0x1 
 .rodata.iconShow.str1.4
                0x0000000000003884       0x28 ./User/main.o
 .rodata.init_storage.str1.4
                0x00000000000038ac       0x30 ./User/main.o
 .rodata.is_storage_initialized.str1.4
                0x00000000000038dc        0x9 ./User/main.o
 *fill*         0x00000000000038e5        0x3 
 .rodata.load_data.part.10.str1.4
                0x00000000000038e8       0x69 ./User/main.o
 *fill*         0x0000000000003951        0x3 
 .rodata.main.str1.4
                0x0000000000003954       0x1c ./User/main.o
 .rodata.matrix_pressed_two.str1.4
                0x0000000000003970       0x1f ./User/main.o
 *fill*         0x000000000000398f        0x1 
 .rodata.painting_routine.str1.4
                0x0000000000003990       0xd8 ./User/main.o
 .rodata.reset_storage.str1.4
                0x0000000000003a68        0xe ./User/main.o
 *fill*         0x0000000000003a76        0x2 
 .rodata.rvCodeNotes
                0x0000000000003a78       0x20 ./User/main.o
                0x0000000000003a78                rvCodeNotes
 .rodata.rvCodeRun.str1.4
                0x0000000000003a98       0xfb ./User/main.o
 *fill*         0x0000000000003b93        0x1 
 .rodata.rv_code_routine.str1.4
                0x0000000000003b94      0x128 ./User/main.o
 .rodata.save_data.str1.4
                0x0000000000003cbc       0x68 ./User/main.o
 .rodata.set_page_status.str1.4
                0x0000000000003d24       0x38 ./User/main.o
 .rodata.toCodingSpace.str1.4
                0x0000000000003d5c       0x1c ./User/main.o
                                         0x1a (size before relaxing)
 .rodata.__clz_tab
                0x0000000000003d78      0x100 d:/programs/mounriver/mounriver_studio2/resources/app/resources/win32/components/wch/toolchain/risc-v embedded gcc/bin/../lib/gcc/riscv-none-embed/8.2.0/rv32ecxw/ilp32e\libgcc.a(_clz.o)
                0x0000000000003d78                __clz_tab
 *(.gnu.linkonce.t.*)
                0x0000000000003e78                . = ALIGN (0x4)

.rela.dyn       0x0000000000003e78        0x0
 .rela.text.handle_reset
                0x0000000000003e78        0x0 ./User/ch32v003fun/ch32v003fun.o
 .rela.init     0x0000000000003e78        0x0 ./User/ch32v003fun/ch32v003fun.o

.fini           0x0000000000003e78        0x0
 *(SORT_NONE(.fini))
                0x0000000000003e78                . = ALIGN (0x4)
                [!provide]                        PROVIDE (_etext = .)
                [!provide]                        PROVIDE (_eitcm = .)

.preinit_array  0x0000000000003e78        0x0
                [!provide]                        PROVIDE (__preinit_array_start = .)
 *(.preinit_array)
                [!provide]                        PROVIDE (__preinit_array_end = .)

.init_array     0x0000000000003e78        0x0
                [!provide]                        PROVIDE (__init_array_start = .)
 *(SORT_BY_INIT_PRIORITY(.init_array.*) SORT_BY_INIT_PRIORITY(.ctors.*))
 *(.init_array EXCLUDE_FILE(*crtend?.o *crtend.o *crtbegin?.o *crtbegin.o) .ctors)
                [!provide]                        PROVIDE (__init_array_end = .)

.fini_array     0x0000000000003e78        0x0
                [!provide]                        PROVIDE (__fini_array_start = .)
 *(SORT_BY_INIT_PRIORITY(.fini_array.*) SORT_BY_INIT_PRIORITY(.dtors.*))
 *(.fini_array EXCLUDE_FILE(*crtend?.o *crtend.o *crtbegin?.o *crtbegin.o) .dtors)
                [!provide]                        PROVIDE (__fini_array_end = .)

.ctors
 *crtbegin.o(.ctors)
 *crtbegin?.o(.ctors)
 *(EXCLUDE_FILE(*crtend?.o *crtend.o) .ctors)
 *(SORT_BY_NAME(.ctors.*))
 *(.ctors)

.dtors
 *crtbegin.o(.dtors)
 *crtbegin?.o(.dtors)
 *(EXCLUDE_FILE(*crtend?.o *crtend.o) .dtors)
 *(SORT_BY_NAME(.dtors.*))
 *(.dtors)

.dalign         0x0000000020000000        0x0 load address 0x0000000000003e78
                0x0000000020000000                . = ALIGN (0x4)
                0x0000000020000000                PROVIDE (_data_vma = .)

.dlalign        0x0000000000003e78        0x0
                0x0000000000003e78                . = ALIGN (0x4)
                0x0000000000003e78                PROVIDE (_data_lma = .)

.data           0x0000000020000000      0x150 load address 0x0000000000003e78
                0x0000000020000000                . = ALIGN (0x4)
 *(.gnu.linkonce.r.*)
 *(.data .data.*)
 .data.appChosen
                0x0000000020000000        0x4 ./User/main.o
                0x0000000020000000                appChosen
 .data.background
                0x0000000020000004        0x3 ./User/main.o
                0x0000000020000004                background
 .data.currentPage
                0x0000000020000007        0x1 ./User/main.o
                0x0000000020000007                currentPage
 .data.font_list
                0x0000000020000008       0x2c ./User/main.o
                0x0000000020000008                font_list
 .data.foreground
                0x0000000020000034        0x3 ./User/main.o
                0x0000000020000034                foreground
 .data.ledDivider
                0x0000000020000037        0x1 ./User/main.o
                0x0000000020000037                ledDivider
 .data.pageground
                0x0000000020000038        0x3 ./User/main.o
                0x0000000020000038                pageground
 .data.pointerLocation
                0x000000002000003b        0x1 ./User/main.o
                0x000000002000003b                pointerLocation
 .data.rvPendownColor
                0x000000002000003c        0x3 ./User/main.o
                0x000000002000003c                rvPendownColor
 *fill*         0x000000002000003f        0x1 
 .data.rvPointerColor
                0x0000000020000040        0x3 ./User/main.o
                0x0000000020000040                rvPointerColor
 *fill*         0x0000000020000043        0x1 
 .data.rv_coding_board
                0x0000000020000044      0x100 ./User/main.o
                0x0000000020000044                rv_coding_board
 .data.timeout_line_code
                0x0000000020000144        0x4 ./User/main.o
                0x0000000020000144                timeout_line_code
 .data.timeout_var_code
                0x0000000020000148        0x4 ./User/main.o
                0x0000000020000148                timeout_var_code
 *(.gnu.linkonce.d.*)
                0x0000000020000150                . = ALIGN (0x8)
 *fill*         0x000000002000014c        0x4 
                0x0000000020000950                PROVIDE (__global_pointer$ = (. + 0x800))
 *(.sdata .sdata.*)
 *(.sdata2*)
 *(.gnu.linkonce.s.*)
                0x0000000020000150                . = ALIGN (0x8)
 *(.srodata.cst16)
 *(.srodata.cst8)
 *(.srodata.cst4)
 *(.srodata.cst2)
 *(.srodata .srodata.*)
                0x0000000020000150                . = ALIGN (0x4)
                0x0000000020000150                PROVIDE (_edata = .)

.bss            0x0000000020000150      0x304 load address 0x0000000000003fc8
                0x0000000020000150                . = ALIGN (0x4)
                0x0000000020000150                PROVIDE (_sbss = .)
 *(.sbss*)
 *(.gnu.linkonce.sb.*)
 *(.bss*)
 .bss.canvas    0x0000000020000150      0x200 ./User/main.o
                0x0000000020000150                canvas
 .bss.clearground
                0x0000000020000350        0x3 ./User/main.o
                0x0000000020000350                clearground
 *fill*         0x0000000020000353        0x1 
 .bss.i2c_err_flags
                0x0000000020000354        0x2 ./User/main.o
                0x0000000020000354                i2c_err_flags
 *fill*         0x0000000020000356        0x2 
 .bss.led_array
                0x0000000020000358       0xc0 ./User/main.o
                0x0000000020000358                led_array
 .bss.opCodeStorage
                0x0000000020000418       0x1c ./User/main.o
                0x0000000020000418                opCodeStorage
 .bss.opCodeToStored
                0x0000000020000434       0x1c ./User/main.o
                0x0000000020000434                opCodeToStored
 .bss.rvClearColor
                0x0000000020000450        0x3 ./User/main.o
                0x0000000020000450                rvClearColor
 *(.gnu.linkonce.b.*)
 *(COMMON*)
                0x0000000020000454                . = ALIGN (0x4)
 *fill*         0x0000000020000453        0x1 
                0x0000000020000454                PROVIDE (_ebss = .)
                [!provide]                        PROVIDE (_end = _ebss)
                [!provide]                        PROVIDE (end = .)

.stack          0x0000000020000700      0x100
                [!provide]                        PROVIDE (_heap_end = .)
                0x0000000020000700                . = ALIGN (0x4)
                [!provide]                        PROVIDE (_susrstack = .)
                0x0000000020000800                . = (. + __stack_size)
 *fill*         0x0000000020000700      0x100 
                0x0000000020000800                PROVIDE (_eusrstack = .)
OUTPUT(inspireRV3.elf elf32-littleriscv)

.debug_info     0x0000000000000000     0x7264
 .debug_info    0x0000000000000000     0x21a7 ./User/ch32v003fun/ch32v003fun.o
 .debug_info    0x00000000000021a7     0x509b ./User/main.o
 .debug_info    0x0000000000007242       0x22 ./Startup/startup_ch32v00x.o

.debug_abbrev   0x0000000000000000      0xdc9
 .debug_abbrev  0x0000000000000000      0x5ab ./User/ch32v003fun/ch32v003fun.o
 .debug_abbrev  0x00000000000005ab      0x80c ./User/main.o
 .debug_abbrev  0x0000000000000db7       0x12 ./Startup/startup_ch32v00x.o

.debug_loc      0x0000000000000000     0x4f8c
 .debug_loc     0x0000000000000000     0x1fa2 ./User/ch32v003fun/ch32v003fun.o
 .debug_loc     0x0000000000001fa2     0x2fea ./User/main.o

.debug_aranges  0x0000000000000000      0x3c0
 .debug_aranges
                0x0000000000000000      0x140 ./User/ch32v003fun/ch32v003fun.o
 .debug_aranges
                0x0000000000000140      0x250 ./User/main.o
 .debug_aranges
                0x0000000000000390       0x30 ./Startup/startup_ch32v00x.o

.debug_ranges   0x0000000000000000      0xa10
 .debug_ranges  0x0000000000000000      0x268 ./User/ch32v003fun/ch32v003fun.o
 .debug_ranges  0x0000000000000268      0x780 ./User/main.o
 .debug_ranges  0x00000000000009e8       0x28 ./Startup/startup_ch32v00x.o

.debug_line     0x0000000000000000     0x817e
 .debug_line    0x0000000000000000     0x232e ./User/ch32v003fun/ch32v003fun.o
 .debug_line    0x000000000000232e     0x5d3e ./User/main.o
 .debug_line    0x000000000000806c      0x112 ./Startup/startup_ch32v00x.o

.debug_str      0x0000000000000000     0x1831
 .debug_str     0x0000000000000000      0x947 ./User/ch32v003fun/ch32v003fun.o
                                        0xa6f (size before relaxing)
 .debug_str     0x0000000000000947      0xec0 ./User/main.o
                                       0x16fc (size before relaxing)
 .debug_str     0x0000000000001807       0x2a ./Startup/startup_ch32v00x.o
                                         0x65 (size before relaxing)

.comment        0x0000000000000000       0x33
 .comment       0x0000000000000000       0x33 ./User/ch32v003fun/ch32v003fun.o
                                         0x34 (size before relaxing)
 .comment       0x0000000000000033       0x34 ./User/main.o

.debug_frame    0x0000000000000000      0xcc0
 .debug_frame   0x0000000000000000      0x37c ./User/ch32v003fun/ch32v003fun.o
 .debug_frame   0x000000000000037c      0x944 ./User/main.o
